node_modules/@supabase/auth-js/src/GoTrueClient.ts(731,7): error TS2322: Type '{ data: { weakPassword: WeakPassword; user: User; session: Session; }; error: AuthError; }' is not assignable to type 'AuthTokenResponsePassword'.
  Type '{ data: { weakPassword: WeakPassword; user: User; session: Session; }; error: AuthError; }' is not assignable to type '{ data: { user: null; session: null; weakPassword?: null; }; error: AuthError; }'.
    The types of 'data.user' are incompatible between these types.
      Type 'User' is not assignable to type 'null'.
node_modules/@supabase/auth-js/src/lib/helpers.ts(107,37): error TS2556: A spread argument must either have a tuple type or be passed to a rest parameter.
node_modules/@supabase/auth-js/src/lib/helpers.ts(109,29): error TS2556: A spread argument must either have a tuple type or be passed to a rest parameter.
node_modules/@supabase/functions-js/src/helper.ts(5,37): error TS2556: A spread argument must either have a tuple type or be passed to a rest parameter.
node_modules/@supabase/functions-js/src/helper.ts(7,29): error TS2556: A spread argument must either have a tuple type or be passed to a rest parameter.
node_modules/@supabase/realtime-js/src/RealtimeClient.ts(531,39): error TS2556: A spread argument must either have a tuple type or be passed to a rest parameter.
node_modules/@supabase/realtime-js/src/RealtimeClient.ts(533,31): error TS2556: A spread argument must either have a tuple type or be passed to a rest parameter.
src/App.tsx(6,51): error TS2503: Cannot find namespace 'React'.
src/lib/supabase.ts(3,33): error TS2339: Property 'env' does not exist on type 'ImportMeta'.
src/lib/supabase.ts(4,37): error TS2339: Property 'env' does not exist on type 'ImportMeta'.
src/pages/Dashboard.tsx(84,23): error TS2322: Type '{ key: string; stat: Stat; idx: number; }' is not assignable to type 'StatCardProps'.
  Property 'key' does not exist on type 'StatCardProps'.
src/pages/Dashboard.tsx(100,28): error TS2322: Type '{ key: number; project: Project; idx: number; }' is not assignable to type 'ProjectCardProps'.
  Property 'key' does not exist on type 'ProjectCardProps'.
